<html>
<body>
<pre>
<h1>µVision Build Log</h1>
<h2>Tool Versions:</h2>
IDE-Version: µVision V5.35.0.0
Copyright (C) 2021 ARM Ltd and ARM Germany GmbH. All rights reserved.
License Information: Gian Franco Lasala, Universidad Nacional de La Plata, LIC=----
 
Tool Versions:
Toolchain:       MDK-Lite  Version: 5.35.0.2
Toolchain Path:  C:\Keil_v5\ARM\ARMCLANG\Bin
C Compiler:      ArmClang.exe V6.16
Assembler:       Armasm.exe V6.16
Linker/Locator:  ArmLink.exe V6.16
Library Manager: ArmAr.exe V6.16
Hex Converter:   FromElf.exe V6.16
CPU DLL:         SARMCM3.DLL V5.35.0.2
Dialog DLL:      DARMSTM.DLL V1.68.0.0
Target DLL:      UL2CM3.DLL V1.164.0.0
Dialog DLL:      TCM.DLL V1.53.0.0
 
<h2>Project:</h2>
C:\Users\gianf\workspace\TP\TP1\tp1.uvprojx
Project File Date:  09/16/2021

<h2>Output:</h2>
*** Using Compiler 'V6.16', folder: 'C:\Keil_v5\ARM\ARMCLANG\Bin'
Rebuild target 'STM32F103C8'
src/seos.c(1): warning: In file included from...
src/seos.h(8): warning: In file included from...
src/clockhms.h(10): warning: In file included from...
src/lcd.h(8): warning: In file included from...
src/lcd.h(33): warning: no newline at end of file [-Wnewline-eof]
#endif
      ^
src/seos.c(1): warning: In file included from...
src/seos.h(8): warning: In file included from...
src/clockhms.h(10): warning: In file included from...
src/lcd.h(9): warning: In file included from...
src/keyboard.h(10): warning: no newline at end of file [-Wnewline-eof]
#endif
      ^
src/seos.c(1): warning: In file included from...
src/seos.h(8): warning: In file included from...
src/clockhms.h(10): warning: In file included from...
src/lcd.h(33): warning: no newline at end of file [-Wnewline-eof]
#endif
      ^
src/seos.c(1): warning: In file included from...
src/seos.h(8): warning: In file included from...
src/clockhms.h(67): warning: no newline at end of file [-Wnewline-eof]
#endif /* CLOCK_H_ */
                     ^
src/seos.c(4): warning: no previous extern declaration for non-static variable 'Flag_Clocktick' [-Wmissing-variable-declarations]
volatile uint16_t Flag_Clocktick;
                  ^
src/seos.c(4): note: declare 'static' if the variable is not intended to be used outside of this translation unit
volatile uint16_t Flag_Clocktick;
         ^
src/seos.c(5): warning: no previous extern declaration for non-static variable 'Flag_Keypolling' [-Wmissing-variable-declarations]
volatile uint16_t Flag_Keypolling;
                  ^
src/seos.c(5): note: declare 'static' if the variable is not intended to be used outside of this translation unit
volatile uint16_t Flag_Keypolling;
         ^
6 warnings generated.
compiling seos.c...
src/main.c(1): warning: In file included from...
src/main.h(7): warning: In file included from...
src/seos.h(8): warning: In file included from...
src/clockhms.h(10): warning: In file included from...
src/lcd.h(8): warning: In file included from...
src/lcd.h(33): warning: no newline at end of file [-Wnewline-eof]
#endif
      ^
src/main.c(1): warning: In file included from...
src/main.h(7): warning: In file included from...
src/seos.h(8): warning: In file included from...
src/clockhms.h(10): warning: In file included from...
src/lcd.h(9): warning: In file included from...
src/keyboard.h(10): warning: no newline at end of file [-Wnewline-eof]
#endif
      ^
src/main.c(1): warning: In file included from...
src/main.h(7): warning: In file included from...
src/seos.h(8): warning: In file included from...
src/clockhms.h(10): warning: In file included from...
src/lcd.h(33): warning: no newline at end of file [-Wnewline-eof]
#endif
      ^
src/main.c(1): warning: In file included from...
src/main.h(7): warning: In file included from...
src/seos.h(8): warning: In file included from...
src/clockhms.h(67): warning: no newline at end of file [-Wnewline-eof]
#endif /* CLOCK_H_ */
                     ^
4 warnings generated.
compiling main.c...
src/rcc.c(8): warning: no newline at end of file [-Wnewline-eof]
}
 ^
1 warning generated.
compiling rcc.c...
compiling gpio.c...
compiling timer.c...
src/keyboard.c(1): warning: In file included from...
src/keyboard.h(10): warning: no newline at end of file [-Wnewline-eof]
#endif
      ^
src/keyboard.c(23): warning: implicit conversion changes signedness: 'int' to 'uint32_t' (aka 'unsigned int') [-Wsign-conversion]
    GPIOB->ODR = ~(1<<0);
               ~ ^~~~~~~
src/keyboard.c(25): warning: implicit conversion loses integer precision: 'volatile uint32_t' (aka 'volatile unsigned int') to 'uint8_t' (aka 'unsigned char') [-Wimplicit-int-conversion]
    dato=GPIOB->IDR;
        ~~~~~~~~^~~
src/keyboard.c(35): warning: implicit conversion changes signedness: 'int' to 'uint32_t' (aka 'unsigned int') [-Wsign-conversion]
    GPIOB->ODR = ~(1<<1);
               ~ ^~~~~~~
src/keyboard.c(37): warning: implicit conversion loses integer precision: 'volatile uint32_t' (aka 'volatile unsigned int') to 'uint8_t' (aka 'unsigned char') [-Wimplicit-int-conversion]
    dato = GPIOB->IDR;
         ~ ~~~~~~~^~~
src/keyboard.c(47): warning: implicit conversion changes signedness: 'int' to 'uint32_t' (aka 'unsigned int') [-Wsign-conversion]
    GPIOB->ODR = ~(1<<2);
               ~ ^~~~~~~
src/keyboard.c(49): warning: implicit conversion loses integer precision: 'volatile uint32_t' (aka 'volatile unsigned int') to 'uint8_t' (aka 'unsigned char') [-Wimplicit-int-conversion]
    dato=GPIOB->IDR;
        ~~~~~~~~^~~
src/keyboard.c(59): warning: implicit conversion changes signedness: 'int' to 'uint32_t' (aka 'unsigned int') [-Wsign-conversion]
    GPIOB->ODR = ~(1<<3);
               ~ ^~~~~~~
src/keyboard.c(61): warning: implicit conversion loses integer precision: 'volatile uint32_t' (aka 'volatile unsigned int') to 'uint8_t' (aka 'unsigned char') [-Wimplicit-int-conversion]
    dato=GPIOB->IDR;
        ~~~~~~~~^~~
src/keyboard.c(96): warning: no newline at end of file [-Wnewline-eof]
}
 ^
src/keyboard.c(5): warning: no previous extern declaration for non-static variable 'dato' [-Wmissing-variable-declarations]
volatile uint8_t dato;
                 ^
src/keyboard.c(5): note: declare 'static' if the variable is not intended to be used outside of this translation unit
volatile uint8_t dato;
         ^
11 warnings generated.
compiling keyboard.c...
src/lcd.c(1): warning: In file included from...
src/lcd.h(8): warning: In file included from...
src/lcd.h(33): warning: no newline at end of file [-Wnewline-eof]
#endif
      ^
src/lcd.c(1): warning: In file included from...
src/lcd.h(9): warning: In file included from...
src/keyboard.h(10): warning: no newline at end of file [-Wnewline-eof]
#endif
      ^
src/lcd.c(1): warning: In file included from...
src/lcd.h(33): warning: no newline at end of file [-Wnewline-eof]
#endif
      ^
src/lcd.c(16): warning: implicit conversion changes signedness: 'int' to 'unsigned int' [-Wsign-conversion]
        LCDPORT->ODR &= ~(1<<LCD_D0 | 1<<LCD_D1 | 1<<LCD_D2 | 1<<LCD_D3 | 1<<LCD_D4 | 1<<LCD_D5 | 1<<LCD_D6 | 1<<LCD_D7 | 1<<LCD_RW | 1<<LCD_RS | 1<<LCD_E);
                     ~~ ^~~~~~~~~~~~~~~~~~~~~~~~~~~~~~~~~~~~~~~~~~~~~~~~~~~~~~~~~~~~~~~~~~~~~~~~~~~~~~~~~~~~~~~~~~~~~~~~~~~~~~~~~~~~~~~~~~~~~~~~~~~~~~~~~~~
src/lcd.c(18): warning: signed shift result (0xC0000000) sets the sign bit of the shift expression's type ('int') and becomes negative [-Wshift-sign-overflow]
        LCDPORT->CRL &= ~(12<<LCD_D0*4 | 12<<LCD_D1*4 | 12<<LCD_D2*4 | 12<<LCD_D3*4 | 12<<LCD_D4*4 | 12<<LCD_D5*4 | 12<<LCD_D6*4 | 12<<LCD_D7*4);
                                                                                                                                   ~~^ ~~~~~~~~
src/lcd.c(20): warning: implicit conversion changes signedness: 'int' to 'unsigned int' [-Wsign-conversion]
        LCDPORT->CRH &= ~(12<<(LCD_RW-8)*4 | 12<<(LCD_RS-8)*4 | 12<<(LCD_E-8)*4);
                     ~~ ^~~~~~~~~~~~~~~~~~~~~~~~~~~~~~~~~~~~~~~~~~~~~~~~~~~~~~~~
src/lcd.c(30): warning: implicit conversion changes signedness: 'int' to 'unsigned int' [-Wsign-conversion]
        LCDPORT->ODR &= ~(1<<LCD_RS);
                     ~~ ^~~~~~~~~~~~
src/lcd.c(35): warning: implicit conversion changes signedness: 'int' to 'unsigned int' [-Wsign-conversion]
        LCDPORT->ODR &= ~(1<<LCD_E);
                     ~~ ^~~~~~~~~~~
src/lcd.c(48): warning: implicit conversion changes signedness: 'int' to 'unsigned int' [-Wsign-conversion]
        LCDPORT->ODR &= ~(1<<LCD_E | 1<<LCD_RS);
                     ~~ ^~~~~~~~~~~~~~~~~~~~~~~
src/lcd.c(74): warning: no newline at end of file [-Wnewline-eof]
}
 ^
10 warnings generated.
compiling lcd.c...
src/clockhms.c(1): warning: In file included from...
src/clockhms.h(10): warning: In file included from...
src/lcd.h(8): warning: In file included from...
src/lcd.h(33): warning: no newline at end of file [-Wnewline-eof]
#endif
      ^
src/clockhms.c(1): warning: In file included from...
src/clockhms.h(10): warning: In file included from...
src/lcd.h(9): warning: In file included from...
src/keyboard.h(10): warning: no newline at end of file [-Wnewline-eof]
#endif
      ^
src/clockhms.c(1): warning: In file included from...
src/clockhms.h(10): warning: In file included from...
src/lcd.h(33): warning: no newline at end of file [-Wnewline-eof]
#endif
      ^
src/clockhms.c(1): warning: In file included from...
src/clockhms.h(67): warning: no newline at end of file [-Wnewline-eof]
#endif /* CLOCK_H_ */
                     ^
src/clockhms.c(123): warning: no newline at end of file [-Wnewline-eof]
}
 ^
5 warnings generated.
compiling clockhms.c...
src/password_manager.c(1): warning: In file included from...
src/password_manager.h(6): warning: In file included from...
src/keyboard.h(10): warning: no newline at end of file [-Wnewline-eof]
#endif
      ^
src/password_manager.c(1): warning: In file included from...
src/password_manager.h(7): warning: In file included from...
src/lcd.h(8): warning: In file included from...
src/lcd.h(33): warning: no newline at end of file [-Wnewline-eof]
#endif
      ^
src/password_manager.c(1): warning: In file included from...
src/password_manager.h(7): warning: In file included from...
src/lcd.h(33): warning: no newline at end of file [-Wnewline-eof]
#endif
      ^
src/password_manager.c(1): warning: In file included from...
src/password_manager.h(14): warning: no newline at end of file [-Wnewline-eof]
#endif
      ^
src/password_manager.c(31): warning: passing 'uint8_t *' (aka 'unsigned char *') to parameter of type 'char *' converts between pointers to integer types where one is of the unique plain 'char' type and the other is not [-Wpointer-sign]
                        if (Keyboard_Update(&key)) {
                                            ^~~~
src/keyboard.h(7): note: passing argument to parameter 'pkey' here
char Keyboard_Update(char *pkey);
                           ^
src/password_manager.c(52): warning: passing 'uint8_t *' (aka 'unsigned char *') to parameter of type 'char *' converts between pointers to integer types where one is of the unique plain 'char' type and the other is not [-Wpointer-sign]
                                        if (Keyboard_Update(&key)) {
                                                            ^~~~
src/keyboard.h(7): note: passing argument to parameter 'pkey' here
char Keyboard_Update(char *pkey);
                           ^
src/password_manager.c(60): warning: passing 'uint8_t *' (aka 'unsigned char *') to parameter of type 'char *' converts between pointers to integer types where one is of the unique plain 'char' type and the other is not [-Wpointer-sign]
                                        if (Keyboard_Update(&key)) {
                                                            ^~~~
src/keyboard.h(7): note: passing argument to parameter 'pkey' here
char Keyboard_Update(char *pkey);
                           ^
src/password_manager.c(68): warning: passing 'uint8_t *' (aka 'unsigned char *') to parameter of type 'char *' converts between pointers to integer types where one is of the unique plain 'char' type and the other is not [-Wpointer-sign]
                                        if (Keyboard_Update(&key)) {
                                                            ^~~~
src/keyboard.h(7): note: passing argument to parameter 'pkey' here
char Keyboard_Update(char *pkey);
                           ^
src/password_manager.c(22): warning: no previous prototype for function 'PASSWORD_MANAGER_Update' [-Wmissing-prototypes]
void PASSWORD_MANAGER_Update(void){
     ^
src/password_manager.c(22): note: declare 'static' if the function is not intended to be used outside of this translation unit
void PASSWORD_MANAGER_Update(void){
^
static 
src/password_manager.c(14): warning: no previous extern declaration for non-static variable 'key' [-Wmissing-variable-declarations]
uint8_t key;
        ^
src/password_manager.c(14): note: declare 'static' if the variable is not intended to be used outside of this translation unit
uint8_t key;
^
10 warnings generated.
compiling password_manager.c...
compiling retarget_io.c...
assembling startup_stm32f10x_md.s...
RTE/Device/STM32F103C8/system_stm32f10x.c(167): warning: no previous extern declaration for non-static variable 'AHBPrescTable' [-Wmissing-variable-declarations]
__I uint8_t AHBPrescTable[16] = {0, 0, 0, 0, 0, 0, 0, 0, 1, 2, 3, 4, 6, 7, 8, 9};
            ^
RTE/Device/STM32F103C8/system_stm32f10x.c(167): note: declare 'static' if the variable is not intended to be used outside of this translation unit
__I uint8_t AHBPrescTable[16] = {0, 0, 0, 0, 0, 0, 0, 0, 1, 2, 3, 4, 6, 7, 8, 9};
    ^
1 warning generated.
compiling system_stm32f10x.c...
linking...
Program Size: Code=4926 RO-data=294 RW-data=24 ZI-data=1896  
FromELF: creating hex file...
".\Objects\tp1.axf" - 0 Error(s), 48 Warning(s).

<h2>Software Packages used:</h2>

Package Vendor: ARM
                http://www.keil.com/pack/ARM.CMSIS.5.8.0.pack
                ARM.CMSIS.5.8.0
                CMSIS (Common Microcontroller Software Interface Standard)
   * Component: CORE Version: 5.5.0

Package Vendor: Keil
                http://www.keil.com/pack/Keil.ARM_Compiler.1.6.3.pack
                Keil.ARM_Compiler.1.6.3
                Keil ARM Compiler extensions for ARM Compiler 5 and ARM Compiler 6
   * Component: STDERR Variant: ITM Version: 1.2.0
   * Component: STDIN Variant: ITM Version: 1.2.0
   * Component: STDOUT Variant: ITM Version: 1.2.0

Package Vendor: Keil
                http://www.keil.com/pack/Keil.STM32F1xx_DFP.2.3.0.pack
                Keil.STM32F1xx_DFP.2.3.0
                STMicroelectronics STM32F1 Series Device Support, Drivers and Examples
   * Component: Startup Version: 1.0.0

<h2>Collection of Component include folders:</h2>
  .\RTE\Device\STM32F103C8
  .\RTE\_STM32F103C8
  C:\Users\gianf\AppData\Local\Arm\Packs\ARM\CMSIS\5.8.0\CMSIS\Core\Include
  C:\Users\gianf\AppData\Local\Arm\Packs\Keil\STM32F1xx_DFP\2.3.0\Device\Include

<h2>Collection of Component Files used:</h2>

   * Component: ARM::CMSIS:CORE:5.5.0

   * Component: Keil.ARM Compiler::Compiler:I/O:STDERR:ITM:1.2.0
      Source file:   Source\retarget_io.c

   * Component: Keil.ARM Compiler::Compiler:I/O:STDIN:ITM:1.2.0
      Source file:   Source\retarget_io.c

   * Component: Keil.ARM Compiler::Compiler:I/O:STDOUT:ITM:1.2.0
      Source file:   Source\retarget_io.c

   * Component: Keil::Device:Startup:1.0.0
      Include file:  RTE_Driver\Config\RTE_Device.h
      Source file:   Device\Source\ARM\startup_stm32f10x_md.s
      Source file:   Device\Source\ARM\STM32F1xx_OPT.s
      Source file:   Device\Source\system_stm32f10x.c
Build Time Elapsed:  00:00:01
</pre>
</body>
</html>
